// Jest Snapshot v1, https://goo.gl/fbAQLP

exports[`PokemonList component renders PokemonList 1`] = `
<div>
  <div
    class="flex justify-center items-center p-5 bg-very-light-blue"
    id="pagination"
  >
    <button
      class="bg-blue hover:bg-dark-blue text-white font-bold py-2 px-4 mr-2 rounded focus:outline-none focus:shadow-outline"
      disabled=""
    >
      Previous
    </button>
    <p
      class="mr-2 bg-blue text-white font-bold py-2 px-4 rounded"
    >
      Page 
      1
    </p>
    <button
      class="bg-blue hover:bg-dark-blue text-white font-bold py-2 px-4 rounded focus:outline-none focus:shadow-outline"
      disabled=""
    >
      Next
    </button>
  </div>
  <section
    class="grid grid-cols-3 md:grid-cols-6 gap-2 bg-very-light-blue p-10"
    id="pokemon-list"
  >
    <div
      class="bg-light-blue p-4 text-center shadow-md"
    >
      <img
        alt="bulbasaur"
        class="w-24 mx-auto mb-4 hover:scale-125 transition-transform duration-200 ease-in-out"
        src="https://raw.githubusercontent.com/PokeAPI/sprites/master/sprites/pokemon/1.png"
      />
      <p
        class="text-lg font-bold text-white text-shadow"
      >
        bulbasaur
      </p>
    </div>
    <div
      class="bg-light-blue p-4 text-center shadow-md"
    >
      <img
        alt="ivysaur"
        class="w-24 mx-auto mb-4 hover:scale-125 transition-transform duration-200 ease-in-out"
        src="https://raw.githubusercontent.com/PokeAPI/sprites/master/sprites/pokemon/2.png"
      />
      <p
        class="text-lg font-bold text-white text-shadow"
      >
        ivysaur
      </p>
    </div>
    <div
      class="bg-light-blue p-4 text-center shadow-md"
    >
      <img
        alt="venusaur"
        class="w-24 mx-auto mb-4 hover:scale-125 transition-transform duration-200 ease-in-out"
        src="https://raw.githubusercontent.com/PokeAPI/sprites/master/sprites/pokemon/3.png"
      />
      <p
        class="text-lg font-bold text-white text-shadow"
      >
        venusaur
      </p>
    </div>
  </section>
</div>
`;
