// Jest Snapshot v1, https://goo.gl/fbAQLP

exports[`renders PokemonCard 1`] = `
<div>
  <div
    class="bg-light-blue p-4 text-center shadow-md"
  >
    <img
      alt="Vulpix"
      class="w-24 mx-auto mb-4 hover:scale-125 transition-transform duration-200 ease-in-out"
      src="https://raw.githubusercontent.com/PokeAPI/sprites/master/sprites/pokemon/37.png"
    />
    <p
      class="text-lg font-bold text-white text-shadow"
    >
      Vulpix
    </p>
  </div>
</div>
`;
